module attributes {hexir.targets = ["cpu", "cuda"]} {
  memref.global "private" constant @__constant_2x2xf64_1 : memref<2x2xf64> = dense<0.000000e+00> {alignment = 64 : i64}
  memref.global "private" constant @__constant_2x2xf64_0 : memref<2x2xf64> = dense<[[1.000000e+00, 5.000000e+00], [5.000000e+00, 2.000000e+00]]> {alignment = 64 : i64}
  memref.global "private" constant @__constant_2x2xf64 : memref<2x2xf64> = dense<[[3.000000e+00, 1.000000e+00], [2.000000e+00, 2.000000e+00]]> {alignment = 64 : i64}
  func.func @main() {
    %cst = arith.constant 0.000000e+00 : f64
    %0 = memref.get_global @__constant_2x2xf64 : memref<2x2xf64>
    %1 = memref.get_global @__constant_2x2xf64_0 : memref<2x2xf64>
    %2 = memref.get_global @__constant_2x2xf64_1 : memref<2x2xf64>
    %alloc = memref.alloc() {alignment = 64 : i64} : memref<2x2xf64>
    memref.copy %2, %alloc : memref<2x2xf64> to memref<2x2xf64>
    %c0 = arith.constant 0 : index
    %c1 = arith.constant 1 : index
    %c2 = arith.constant 2 : index
    %c2_0 = arith.constant 2 : index
    %c2_1 = arith.constant 2 : index
    gpu.launch blocks(%arg0, %arg1, %arg2) in (%arg6 = %c1, %arg7 = %c1, %arg8 = %c1) threads(%arg3, %arg4, %arg5) in (%arg9 = %c1, %arg10 = %c1, %arg11 = %c1) {
      scf.for %arg12 = %c0 to %c2 step %c1 {
        scf.for %arg13 = %c0 to %c2_0 step %c1 {
          scf.for %arg14 = %c0 to %c2_1 step %c1 {
            %3 = memref.load %0[%arg12, %arg14] : memref<2x2xf64>
            %4 = memref.load %1[%arg14, %arg13] : memref<2x2xf64>
            %5 = memref.load %alloc[%arg12, %arg13] : memref<2x2xf64>
            %6 = arith.mulf %3, %4 : f64
            %7 = arith.addf %5, %6 : f64
            memref.store %7, %alloc[%arg12, %arg13] : memref<2x2xf64>
          }
        }
      }
      gpu.terminator
    } {device = "cuda"}
    %alloc_2 = memref.alloc() {alignment = 64 : i64} : memref<2x2xf64>
    linalg.generic {indexing_maps = [affine_map<(d0, d1) -> (d0, d1)>, affine_map<(d0, d1) -> (d0, d1)>], iterator_types = ["parallel", "parallel"]} ins(%alloc : memref<2x2xf64>) outs(%alloc_2 : memref<2x2xf64>) attrs =  {device = "cpu"} {
    ^bb0(%in: f64, %out: f64):
      %3 = arith.maximumf %in, %cst : f64
      linalg.yield %3 : f64
    }
    hexir.print %alloc_2 {device = "cpu"} : memref<2x2xf64>
    return
  }
}
