module attributes {hexir.targets = ["cpu", "cuda"]} {
  llvm.mlir.global internal constant @nl("\0A\00") {addr_space = 0 : i32}
  llvm.mlir.global internal constant @frmt_spec("%f \00") {addr_space = 0 : i32}
  llvm.func @printf(!llvm.ptr, ...) -> i32
  llvm.func @malloc(i64) -> !llvm.ptr
  llvm.mlir.global private constant @__constant_2x2xf64_1(dense<0.000000e+00> : tensor<2x2xf64>) {addr_space = 0 : i32, alignment = 64 : i64} : !llvm.array<2 x array<2 x f64>>
  llvm.mlir.global private constant @__constant_2x2xf64_0(dense<[[1.000000e+00, 5.000000e+00], [5.000000e+00, 2.000000e+00]]> : tensor<2x2xf64>) {addr_space = 0 : i32, alignment = 64 : i64} : !llvm.array<2 x array<2 x f64>>
  llvm.mlir.global private constant @__constant_2x2xf64(dense<[[3.000000e+00, 1.000000e+00], [2.000000e+00, 2.000000e+00]]> : tensor<2x2xf64>) {addr_space = 0 : i32, alignment = 64 : i64} : !llvm.array<2 x array<2 x f64>>
  llvm.mlir.global private constant @__constant_1x2xf64(dense<[[3.000000e+00, 1.000000e+00]]> : tensor<1x2xf64>) {addr_space = 0 : i32, alignment = 64 : i64} : !llvm.array<1 x array<2 x f64>>
  llvm.func @main() {
    %0 = llvm.mlir.constant(1 : index) : i64
    %1 = llvm.mlir.constant(2 : index) : i64
    %2 = llvm.mlir.constant(0 : index) : i64
    %3 = llvm.mlir.constant(0.000000e+00 : f64) : f64
    %4 = llvm.mlir.constant(2 : index) : i64
    %5 = llvm.mlir.constant(2 : index) : i64
    %6 = llvm.mlir.constant(1 : index) : i64
    %7 = llvm.mlir.constant(4 : index) : i64
    %8 = llvm.mlir.zero : !llvm.ptr
    %9 = llvm.getelementptr %8[%7] : (!llvm.ptr, i64) -> !llvm.ptr, f64
    %10 = llvm.ptrtoint %9 : !llvm.ptr to i64
    %11 = llvm.mlir.addressof @__constant_2x2xf64 : !llvm.ptr
    %12 = llvm.getelementptr %11[0, 0, 0] : (!llvm.ptr) -> !llvm.ptr, !llvm.array<2 x array<2 x f64>>
    %13 = llvm.mlir.constant(3735928559 : index) : i64
    %14 = llvm.inttoptr %13 : i64 to !llvm.ptr
    %15 = llvm.mlir.poison : !llvm.struct<(ptr, ptr, i64, array<2 x i64>, array<2 x i64>)>
    %16 = llvm.insertvalue %14, %15[0] : !llvm.struct<(ptr, ptr, i64, array<2 x i64>, array<2 x i64>)> 
    %17 = llvm.insertvalue %12, %16[1] : !llvm.struct<(ptr, ptr, i64, array<2 x i64>, array<2 x i64>)> 
    %18 = llvm.mlir.constant(0 : index) : i64
    %19 = llvm.insertvalue %18, %17[2] : !llvm.struct<(ptr, ptr, i64, array<2 x i64>, array<2 x i64>)> 
    %20 = llvm.insertvalue %4, %19[3, 0] : !llvm.struct<(ptr, ptr, i64, array<2 x i64>, array<2 x i64>)> 
    %21 = llvm.insertvalue %5, %20[3, 1] : !llvm.struct<(ptr, ptr, i64, array<2 x i64>, array<2 x i64>)> 
    %22 = llvm.insertvalue %5, %21[4, 0] : !llvm.struct<(ptr, ptr, i64, array<2 x i64>, array<2 x i64>)> 
    %23 = llvm.insertvalue %6, %22[4, 1] : !llvm.struct<(ptr, ptr, i64, array<2 x i64>, array<2 x i64>)> 
    %24 = llvm.mlir.constant(2 : index) : i64
    %25 = llvm.mlir.constant(2 : index) : i64
    %26 = llvm.mlir.constant(1 : index) : i64
    %27 = llvm.mlir.constant(4 : index) : i64
    %28 = llvm.mlir.zero : !llvm.ptr
    %29 = llvm.getelementptr %28[%27] : (!llvm.ptr, i64) -> !llvm.ptr, f64
    %30 = llvm.ptrtoint %29 : !llvm.ptr to i64
    %31 = llvm.mlir.addressof @__constant_2x2xf64_0 : !llvm.ptr
    %32 = llvm.getelementptr %31[0, 0, 0] : (!llvm.ptr) -> !llvm.ptr, !llvm.array<2 x array<2 x f64>>
    %33 = llvm.mlir.constant(3735928559 : index) : i64
    %34 = llvm.inttoptr %33 : i64 to !llvm.ptr
    %35 = llvm.mlir.poison : !llvm.struct<(ptr, ptr, i64, array<2 x i64>, array<2 x i64>)>
    %36 = llvm.insertvalue %34, %35[0] : !llvm.struct<(ptr, ptr, i64, array<2 x i64>, array<2 x i64>)> 
    %37 = llvm.insertvalue %32, %36[1] : !llvm.struct<(ptr, ptr, i64, array<2 x i64>, array<2 x i64>)> 
    %38 = llvm.mlir.constant(0 : index) : i64
    %39 = llvm.insertvalue %38, %37[2] : !llvm.struct<(ptr, ptr, i64, array<2 x i64>, array<2 x i64>)> 
    %40 = llvm.insertvalue %24, %39[3, 0] : !llvm.struct<(ptr, ptr, i64, array<2 x i64>, array<2 x i64>)> 
    %41 = llvm.insertvalue %25, %40[3, 1] : !llvm.struct<(ptr, ptr, i64, array<2 x i64>, array<2 x i64>)> 
    %42 = llvm.insertvalue %25, %41[4, 0] : !llvm.struct<(ptr, ptr, i64, array<2 x i64>, array<2 x i64>)> 
    %43 = llvm.insertvalue %26, %42[4, 1] : !llvm.struct<(ptr, ptr, i64, array<2 x i64>, array<2 x i64>)> 
    %44 = llvm.mlir.constant(2 : index) : i64
    %45 = llvm.mlir.constant(2 : index) : i64
    %46 = llvm.mlir.constant(1 : index) : i64
    %47 = llvm.mlir.constant(4 : index) : i64
    %48 = llvm.mlir.zero : !llvm.ptr
    %49 = llvm.getelementptr %48[%47] : (!llvm.ptr, i64) -> !llvm.ptr, f64
    %50 = llvm.ptrtoint %49 : !llvm.ptr to i64
    %51 = llvm.mlir.addressof @__constant_2x2xf64_1 : !llvm.ptr
    %52 = llvm.getelementptr %51[0, 0, 0] : (!llvm.ptr) -> !llvm.ptr, !llvm.array<2 x array<2 x f64>>
    %53 = llvm.mlir.constant(3735928559 : index) : i64
    %54 = llvm.inttoptr %53 : i64 to !llvm.ptr
    %55 = llvm.mlir.poison : !llvm.struct<(ptr, ptr, i64, array<2 x i64>, array<2 x i64>)>
    %56 = llvm.insertvalue %54, %55[0] : !llvm.struct<(ptr, ptr, i64, array<2 x i64>, array<2 x i64>)> 
    %57 = llvm.insertvalue %52, %56[1] : !llvm.struct<(ptr, ptr, i64, array<2 x i64>, array<2 x i64>)> 
    %58 = llvm.mlir.constant(0 : index) : i64
    %59 = llvm.insertvalue %58, %57[2] : !llvm.struct<(ptr, ptr, i64, array<2 x i64>, array<2 x i64>)> 
    %60 = llvm.insertvalue %44, %59[3, 0] : !llvm.struct<(ptr, ptr, i64, array<2 x i64>, array<2 x i64>)> 
    %61 = llvm.insertvalue %45, %60[3, 1] : !llvm.struct<(ptr, ptr, i64, array<2 x i64>, array<2 x i64>)> 
    %62 = llvm.insertvalue %45, %61[4, 0] : !llvm.struct<(ptr, ptr, i64, array<2 x i64>, array<2 x i64>)> 
    %63 = llvm.insertvalue %46, %62[4, 1] : !llvm.struct<(ptr, ptr, i64, array<2 x i64>, array<2 x i64>)> 
    %64 = llvm.mlir.constant(2 : index) : i64
    %65 = llvm.mlir.constant(2 : index) : i64
    %66 = llvm.mlir.constant(1 : index) : i64
    %67 = llvm.mlir.constant(4 : index) : i64
    %68 = llvm.mlir.zero : !llvm.ptr
    %69 = llvm.getelementptr %68[%67] : (!llvm.ptr, i64) -> !llvm.ptr, f64
    %70 = llvm.ptrtoint %69 : !llvm.ptr to i64
    %71 = llvm.mlir.constant(64 : index) : i64
    %72 = llvm.add %70, %71 : i64
    %73 = llvm.call @malloc(%72) : (i64) -> !llvm.ptr
    %74 = llvm.ptrtoint %73 : !llvm.ptr to i64
    %75 = llvm.mlir.constant(1 : index) : i64
    %76 = llvm.sub %71, %75 : i64
    %77 = llvm.add %74, %76 : i64
    %78 = llvm.urem %77, %71 : i64
    %79 = llvm.sub %77, %78 : i64
    %80 = llvm.inttoptr %79 : i64 to !llvm.ptr
    %81 = llvm.mlir.poison : !llvm.struct<(ptr, ptr, i64, array<2 x i64>, array<2 x i64>)>
    %82 = llvm.insertvalue %73, %81[0] : !llvm.struct<(ptr, ptr, i64, array<2 x i64>, array<2 x i64>)> 
    %83 = llvm.insertvalue %80, %82[1] : !llvm.struct<(ptr, ptr, i64, array<2 x i64>, array<2 x i64>)> 
    %84 = llvm.mlir.constant(0 : index) : i64
    %85 = llvm.insertvalue %84, %83[2] : !llvm.struct<(ptr, ptr, i64, array<2 x i64>, array<2 x i64>)> 
    %86 = llvm.insertvalue %64, %85[3, 0] : !llvm.struct<(ptr, ptr, i64, array<2 x i64>, array<2 x i64>)> 
    %87 = llvm.insertvalue %65, %86[3, 1] : !llvm.struct<(ptr, ptr, i64, array<2 x i64>, array<2 x i64>)> 
    %88 = llvm.insertvalue %65, %87[4, 0] : !llvm.struct<(ptr, ptr, i64, array<2 x i64>, array<2 x i64>)> 
    %89 = llvm.insertvalue %66, %88[4, 1] : !llvm.struct<(ptr, ptr, i64, array<2 x i64>, array<2 x i64>)> 
    %90 = llvm.mlir.constant(1 : index) : i64
    %91 = llvm.extractvalue %63[3, 0] : !llvm.struct<(ptr, ptr, i64, array<2 x i64>, array<2 x i64>)> 
    %92 = llvm.mul %90, %91 : i64
    %93 = llvm.extractvalue %63[3, 1] : !llvm.struct<(ptr, ptr, i64, array<2 x i64>, array<2 x i64>)> 
    %94 = llvm.mul %92, %93 : i64
    %95 = llvm.mlir.zero : !llvm.ptr
    %96 = llvm.getelementptr %95[1] : (!llvm.ptr) -> !llvm.ptr, f64
    %97 = llvm.ptrtoint %96 : !llvm.ptr to i64
    %98 = llvm.mul %94, %97 : i64
    %99 = llvm.extractvalue %63[1] : !llvm.struct<(ptr, ptr, i64, array<2 x i64>, array<2 x i64>)> 
    %100 = llvm.extractvalue %63[2] : !llvm.struct<(ptr, ptr, i64, array<2 x i64>, array<2 x i64>)> 
    %101 = llvm.getelementptr %99[%100] : (!llvm.ptr, i64) -> !llvm.ptr, f64
    %102 = llvm.extractvalue %89[1] : !llvm.struct<(ptr, ptr, i64, array<2 x i64>, array<2 x i64>)> 
    %103 = llvm.extractvalue %89[2] : !llvm.struct<(ptr, ptr, i64, array<2 x i64>, array<2 x i64>)> 
    %104 = llvm.getelementptr %102[%103] : (!llvm.ptr, i64) -> !llvm.ptr, f64
    "llvm.intr.memcpy"(%104, %101, %98) <{isVolatile = false}> : (!llvm.ptr, !llvm.ptr, i64) -> ()
    llvm.br ^bb1(%2 : i64)
  ^bb1(%105: i64):  // 2 preds: ^bb0, ^bb8
    %106 = llvm.icmp "slt" %105, %1 : i64
    llvm.cond_br %106, ^bb2, ^bb9
  ^bb2:  // pred: ^bb1
    llvm.br ^bb3(%2 : i64)
  ^bb3(%107: i64):  // 2 preds: ^bb2, ^bb7
    %108 = llvm.icmp "slt" %107, %1 : i64
    llvm.cond_br %108, ^bb4, ^bb8
  ^bb4:  // pred: ^bb3
    llvm.br ^bb5(%2 : i64)
  ^bb5(%109: i64):  // 2 preds: ^bb4, ^bb6
    %110 = llvm.icmp "slt" %109, %1 : i64
    llvm.cond_br %110, ^bb6, ^bb7
  ^bb6:  // pred: ^bb5
    %111 = llvm.extractvalue %23[1] : !llvm.struct<(ptr, ptr, i64, array<2 x i64>, array<2 x i64>)> 
    %112 = llvm.mlir.constant(2 : index) : i64
    %113 = llvm.mul %105, %112 overflow<nsw, nuw> : i64
    %114 = llvm.add %113, %109 overflow<nsw, nuw> : i64
    %115 = llvm.getelementptr inbounds|nuw %111[%114] : (!llvm.ptr, i64) -> !llvm.ptr, f64
    %116 = llvm.load %115 : !llvm.ptr -> f64
    %117 = llvm.extractvalue %43[1] : !llvm.struct<(ptr, ptr, i64, array<2 x i64>, array<2 x i64>)> 
    %118 = llvm.mlir.constant(2 : index) : i64
    %119 = llvm.mul %109, %118 overflow<nsw, nuw> : i64
    %120 = llvm.add %119, %107 overflow<nsw, nuw> : i64
    %121 = llvm.getelementptr inbounds|nuw %117[%120] : (!llvm.ptr, i64) -> !llvm.ptr, f64
    %122 = llvm.load %121 : !llvm.ptr -> f64
    %123 = llvm.extractvalue %89[1] : !llvm.struct<(ptr, ptr, i64, array<2 x i64>, array<2 x i64>)> 
    %124 = llvm.mlir.constant(2 : index) : i64
    %125 = llvm.mul %105, %124 overflow<nsw, nuw> : i64
    %126 = llvm.add %125, %107 overflow<nsw, nuw> : i64
    %127 = llvm.getelementptr inbounds|nuw %123[%126] : (!llvm.ptr, i64) -> !llvm.ptr, f64
    %128 = llvm.load %127 : !llvm.ptr -> f64
    %129 = llvm.fmul %116, %122 : f64
    %130 = llvm.fadd %128, %129 : f64
    %131 = llvm.extractvalue %89[1] : !llvm.struct<(ptr, ptr, i64, array<2 x i64>, array<2 x i64>)> 
    %132 = llvm.mlir.constant(2 : index) : i64
    %133 = llvm.mul %105, %132 overflow<nsw, nuw> : i64
    %134 = llvm.add %133, %107 overflow<nsw, nuw> : i64
    %135 = llvm.getelementptr inbounds|nuw %131[%134] : (!llvm.ptr, i64) -> !llvm.ptr, f64
    llvm.store %130, %135 : f64, !llvm.ptr
    %136 = llvm.add %109, %0 : i64
    llvm.br ^bb5(%136 : i64)
  ^bb7:  // pred: ^bb5
    %137 = llvm.add %107, %0 : i64
    llvm.br ^bb3(%137 : i64)
  ^bb8:  // pred: ^bb3
    %138 = llvm.add %105, %0 : i64
    llvm.br ^bb1(%138 : i64)
  ^bb9:  // pred: ^bb1
    %139 = llvm.mlir.constant(2 : index) : i64
    %140 = llvm.mlir.constant(2 : index) : i64
    %141 = llvm.mlir.constant(1 : index) : i64
    %142 = llvm.mlir.constant(4 : index) : i64
    %143 = llvm.mlir.zero : !llvm.ptr
    %144 = llvm.getelementptr %143[%142] : (!llvm.ptr, i64) -> !llvm.ptr, f64
    %145 = llvm.ptrtoint %144 : !llvm.ptr to i64
    %146 = llvm.mlir.constant(64 : index) : i64
    %147 = llvm.add %145, %146 : i64
    %148 = llvm.call @malloc(%147) : (i64) -> !llvm.ptr
    %149 = llvm.ptrtoint %148 : !llvm.ptr to i64
    %150 = llvm.mlir.constant(1 : index) : i64
    %151 = llvm.sub %146, %150 : i64
    %152 = llvm.add %149, %151 : i64
    %153 = llvm.urem %152, %146 : i64
    %154 = llvm.sub %152, %153 : i64
    %155 = llvm.inttoptr %154 : i64 to !llvm.ptr
    %156 = llvm.mlir.poison : !llvm.struct<(ptr, ptr, i64, array<2 x i64>, array<2 x i64>)>
    %157 = llvm.insertvalue %148, %156[0] : !llvm.struct<(ptr, ptr, i64, array<2 x i64>, array<2 x i64>)> 
    %158 = llvm.insertvalue %155, %157[1] : !llvm.struct<(ptr, ptr, i64, array<2 x i64>, array<2 x i64>)> 
    %159 = llvm.mlir.constant(0 : index) : i64
    %160 = llvm.insertvalue %159, %158[2] : !llvm.struct<(ptr, ptr, i64, array<2 x i64>, array<2 x i64>)> 
    %161 = llvm.insertvalue %139, %160[3, 0] : !llvm.struct<(ptr, ptr, i64, array<2 x i64>, array<2 x i64>)> 
    %162 = llvm.insertvalue %140, %161[3, 1] : !llvm.struct<(ptr, ptr, i64, array<2 x i64>, array<2 x i64>)> 
    %163 = llvm.insertvalue %140, %162[4, 0] : !llvm.struct<(ptr, ptr, i64, array<2 x i64>, array<2 x i64>)> 
    %164 = llvm.insertvalue %141, %163[4, 1] : !llvm.struct<(ptr, ptr, i64, array<2 x i64>, array<2 x i64>)> 
    llvm.br ^bb10(%2 : i64)
  ^bb10(%165: i64):  // 2 preds: ^bb9, ^bb14
    %166 = llvm.icmp "slt" %165, %1 : i64
    llvm.cond_br %166, ^bb11, ^bb15
  ^bb11:  // pred: ^bb10
    llvm.br ^bb12(%2 : i64)
  ^bb12(%167: i64):  // 2 preds: ^bb11, ^bb13
    %168 = llvm.icmp "slt" %167, %1 : i64
    llvm.cond_br %168, ^bb13, ^bb14
  ^bb13:  // pred: ^bb12
    %169 = llvm.extractvalue %89[1] : !llvm.struct<(ptr, ptr, i64, array<2 x i64>, array<2 x i64>)> 
    %170 = llvm.mlir.constant(2 : index) : i64
    %171 = llvm.mul %165, %170 overflow<nsw, nuw> : i64
    %172 = llvm.add %171, %167 overflow<nsw, nuw> : i64
    %173 = llvm.getelementptr inbounds|nuw %169[%172] : (!llvm.ptr, i64) -> !llvm.ptr, f64
    %174 = llvm.load %173 : !llvm.ptr -> f64
    %175 = llvm.intr.maximum(%174, %3) : (f64, f64) -> f64
    %176 = llvm.extractvalue %164[1] : !llvm.struct<(ptr, ptr, i64, array<2 x i64>, array<2 x i64>)> 
    %177 = llvm.mlir.constant(2 : index) : i64
    %178 = llvm.mul %165, %177 overflow<nsw, nuw> : i64
    %179 = llvm.add %178, %167 overflow<nsw, nuw> : i64
    %180 = llvm.getelementptr inbounds|nuw %176[%179] : (!llvm.ptr, i64) -> !llvm.ptr, f64
    llvm.store %175, %180 : f64, !llvm.ptr
    %181 = llvm.add %167, %0 : i64
    llvm.br ^bb12(%181 : i64)
  ^bb14:  // pred: ^bb12
    %182 = llvm.add %165, %0 : i64
    llvm.br ^bb10(%182 : i64)
  ^bb15:  // pred: ^bb10
    %183 = llvm.mlir.addressof @frmt_spec : !llvm.ptr
    %184 = llvm.mlir.constant(0 : index) : i64
    %185 = llvm.getelementptr %183[%184, %184] : (!llvm.ptr, i64, i64) -> !llvm.ptr, !llvm.array<4 x i8>
    %186 = llvm.mlir.addressof @nl : !llvm.ptr
    %187 = llvm.mlir.constant(0 : index) : i64
    %188 = llvm.getelementptr %186[%187, %187] : (!llvm.ptr, i64, i64) -> !llvm.ptr, !llvm.array<2 x i8>
    %189 = llvm.mlir.constant(0 : index) : i64
    %190 = llvm.mlir.constant(2 : index) : i64
    %191 = llvm.mlir.constant(1 : index) : i64
    llvm.br ^bb16(%189 : i64)
  ^bb16(%192: i64):  // 2 preds: ^bb15, ^bb20
    %193 = llvm.icmp "slt" %192, %190 : i64
    llvm.cond_br %193, ^bb17, ^bb21
  ^bb17:  // pred: ^bb16
    %194 = llvm.mlir.constant(0 : index) : i64
    %195 = llvm.mlir.constant(2 : index) : i64
    %196 = llvm.mlir.constant(1 : index) : i64
    llvm.br ^bb18(%194 : i64)
  ^bb18(%197: i64):  // 2 preds: ^bb17, ^bb19
    %198 = llvm.icmp "slt" %197, %195 : i64
    llvm.cond_br %198, ^bb19, ^bb20
  ^bb19:  // pred: ^bb18
    %199 = llvm.extractvalue %164[1] : !llvm.struct<(ptr, ptr, i64, array<2 x i64>, array<2 x i64>)> 
    %200 = llvm.mlir.constant(2 : index) : i64
    %201 = llvm.mul %192, %200 overflow<nsw, nuw> : i64
    %202 = llvm.add %201, %197 overflow<nsw, nuw> : i64
    %203 = llvm.getelementptr inbounds|nuw %199[%202] : (!llvm.ptr, i64) -> !llvm.ptr, f64
    %204 = llvm.load %203 : !llvm.ptr -> f64
    %205 = llvm.call @printf(%185, %204) vararg(!llvm.func<i32 (ptr, ...)>) : (!llvm.ptr, f64) -> i32
    %206 = llvm.add %197, %196 : i64
    llvm.br ^bb18(%206 : i64)
  ^bb20:  // pred: ^bb18
    %207 = llvm.call @printf(%188) vararg(!llvm.func<i32 (ptr, ...)>) : (!llvm.ptr) -> i32
    %208 = llvm.add %192, %191 : i64
    llvm.br ^bb16(%208 : i64)
  ^bb21:  // pred: ^bb16
    llvm.return
  }
}
